arpanet = Graph.new(type: :undirected)

# Site: RML
# Site: USC-ISI
# Site: STANFORD *
# Site: AMES
# Site: AMES1
# Site: SRI *
# Site: LBL
# Site: UTAH *
# Site: ILLINOIS
# Site: MIT *
# Site: CCA
# Site: BBN *
# Site: BBN1
# Site: HARVARD *
# Site: ABERDEEN
# Site: NBS
# Site: ETAC
# Site: RAND *
# Site: UCSD
# Site: UCLA *
# Site: SDC *
# Site: USC
# Site: DOCB
# Site: GWC
# Site: CASE *
# Site: RADC
# Site: LINCOLN *
# Site: UCSB *
# Site: FNWC
# Site: XEROX
# Site: ARPA
# Site: MITRE
# Site: SDAC
# Site: BELVOIR
# Site: CARNEGIE *
# Site: HAWAII


# Site: STANFORD

stanford = %{ id: :stanford, gateway: "IMP", site: "STANFORD" }

stanford_h1 = %{ id: :stanford_h1, computer: "PDP-10" }

arpanet = arpanet
|> Graph.add_vertex(stanford.id, stanford.site)
|> Graph.add_vertex(stanford_h1.id, stanford_h1.computer)
|> Graph.add_edge(stanford_h1.id,stanford.id) # |> Graph.add_edge(stanford.id,stanford_h1.id)


# Site: SRI

sri = %{ id: :sri, gateway: "IMP", site: "SRI" }

sri_h1 = %{ id: :sri_h1, computer: "PDP-10" }
sri_h2 = %{ id: :sri_h2, computer: "XDS-940" }

arpanet = arpanet
|> Graph.add_vertex(sri.id, sri.site)
|> Graph.add_vertex(sri_h1.id, sri_h1.computer)
|> Graph.add_vertex(sri_h2.id, sri_h2.computer)
|> Graph.add_edge(sri_h1.id,sri.id) # |> Graph.add_edge(sri.id,sri_h1.id)
|> Graph.add_edge(sri_h2.id,sri.id) # |> Graph.add_edge(sri.id,sri_h2.id)


# Site: UTAH

utah = %{ id: :utah, gateway: "IMP", site: "UTAH" }

utah_h1 = %{ id: :utah_h1, computer: "PDP-10" }

arpanet = arpanet
|> Graph.add_vertex(utah.id, utah.site)
|> Graph.add_vertex(utah_h1.id, utah_h1.computer)
|> Graph.add_edge(utah_h1.id,utah.id) # |> Graph.add_edge(utah.id,utah_h1.id)


# Site: MIT

mit = %{ id: :mit, gateway: "IMP", site: "MIT" }

mit_h1 = %{ id: :mit_h1, computer: "PDP-10" }
mit_h2 = %{ id: :mit_h2, computer: "PDP-10" }
mit_h3 = %{ id: :mit_h3, computer: "GE-645" }

arpanet = arpanet
|> Graph.add_vertex(mit.id, mit.site)
|> Graph.add_vertex(mit_h1.id, "PDP-10")
|> Graph.add_vertex(mit_h2.id, mit_h2.computer)
|> Graph.add_vertex(mit_h3.id, mit_h3.computer)
|> Graph.add_edge(mit_h1.id,mit.id) # |> Graph.add_edge(mit.id,mit_h1.id)
|> Graph.add_edge(mit_h2.id,mit.id) # |> Graph.add_edge(mit.id,mit_h2.id)
|> Graph.add_edge(mit_h3.id,mit.id) # |> Graph.add_edge(mit.id,mit_h3.id)


# Site: BBN

bbn = %{ id: :bbn, gateway: "IMP", site: "BBN" }

bbn_h1 = %{ id: :bbn_h1, computer: "DDP-516" }
bbn_h2 = %{ id: :bbn_h2, computer: "PDP-10" }

arpanet = arpanet
|> Graph.add_vertex(bbn.id, bbn.site)
|> Graph.add_vertex(bbn_h1.id, bbn_h1.computer)
|> Graph.add_vertex(bbn_h2.id, bbn_h2.computer)
|> Graph.add_edge(bbn_h1.id,bbn.id) # |> Graph.add_edge(bbn.id,bbn_h1.id)
|> Graph.add_edge(bbn_h2.id,bbn.id) # |> Graph.add_edge(bbn.id,bbn_h2.id)


# Site: HARVARD

harvard = %{ id: :harvard, gateway: "IMP", site: "HARVARD" }

harvard_h1 = %{ id: :harvard_h1, computer: "PDP-1" }
harvard_h2 = %{ id: :harvard_h2, computer: "PDP-10" }

arpanet = arpanet
|> Graph.add_vertex(harvard.id, harvard.site)
|> Graph.add_vertex(harvard_h1.id, harvard_h1.computer)
|> Graph.add_vertex(harvard_h2.id, harvard_h2.computer)
|> Graph.add_edge(harvard_h1.id,harvard.id) # |> Graph.add_edge(harvard.id,harvard_h1.id)
|> Graph.add_edge(harvard_h2.id,harvard.id) # |> Graph.add_edge(harvard.id,harvard_h2.id)


## Segment 2 - Main Diagonal - Up from RAND to LINCOLN

# Site: RAND

rand = %{ id: :rand, gateway: "IMP", site: "RAND" }

rand_h1 = %{ id: :rand_h1, computer: "IBM 1800" }
rand_h2 = %{ id: :rand_h2, computer: "360/65" }

arpanet = arpanet
|> Graph.add_vertex(rand.id, rand.site)
|> Graph.add_vertex(rand_h1.id, rand_h1.computer)
|> Graph.add_vertex(rand_h2.id, rand_h2.computer)
|> Graph.add_edge(rand_h1.id,rand.id) # |> Graph.add_edge(rand.id,rand_h1.id)
|> Graph.add_edge(rand_h2.id,rand.id) # |> Graph.add_edge(rand.id,rand_h2.id)


# Site: UCLA

ucla = %{ id: :ucla, gateway: "IMP", site: "UCLA" }

ucla_h1 = %{ id: :ucla_h1, computer: "360/91" }
ucla_h2 = %{ id: :ucla_h2, computer: "XDS SIGMA7" }

arpanet = arpanet
|> Graph.add_vertex(ucla.id, ucla.site)
|> Graph.add_vertex(ucla_h1.id, ucla_h1.computer)
|> Graph.add_vertex(ucla_h2.id, ucla_h2.computer)
|> Graph.add_edge(ucla_h1.id,ucla.id) # |> Graph.add_edge(ucla.id,ucla_h1.id)
|> Graph.add_edge(ucla_h2.id,ucla.id) # |> Graph.add_edge(ucla.id,ucla_h2.id)


# Site: SDC

sdc = %{ id: :sdc, gateway: "IMP", site: "SDC" }

sdc_h1 = %{ id: :sdc_h1, computer: "DDP-516" }
sdc_h2 = %{ id: :sdc_h2, computer: "360/67" }

arpanet = arpanet
|> Graph.add_vertex(sdc.id, sdc.site)
|> Graph.add_vertex(sdc_h1.id, sdc_h1.computer)
|> Graph.add_vertex(sdc_h2.id, sdc_h2.computer)
|> Graph.add_edge(sdc_h1.id,sdc.id) # |> Graph.add_edge(sdc.id,sdc_h1.id)
|> Graph.add_edge(sdc_h2.id,sdc.id) # |> Graph.add_edge(sdc.id,sdc_h2.id)


# Site: CASE

case = %{ id: :case, gateway: "IMP", site: "CASE" }

case_h1 = %{ id: :case_h1, computer: "PDP-10" }

arpanet = arpanet
|> Graph.add_vertex(case.id, case.site)
|> Graph.add_vertex(case_h1.id, case_h1.computer)
|> Graph.add_edge(case_h1.id,case.id) # |> Graph.add_edge(case.id,case_h1.id)


# Site: LINCOLN

lincoln = %{ id: :lincoln, gateway: "IMP", site: "LINCOLN" }

lincoln_h1 = %{ id: :lincoln_h1, computer: "360/67" }
lincoln_h2 = %{ id: :lincoln_h2, computer: "TX2" }
lincoln_h3 = %{ id: :lincoln_h3, computer: "TSP" }

arpanet = arpanet
|> Graph.add_vertex(lincoln.id, lincoln.site)
|> Graph.add_vertex(lincoln_h1.id, lincoln_h1.computer)
|> Graph.add_vertex(lincoln_h2.id, lincoln_h2.computer)
|> Graph.add_vertex(lincoln_h3.id, lincoln_h3.computer)
|> Graph.add_edge(lincoln_h1.id,lincoln.id) # |> Graph.add_edge(lincoln.id,lincoln_h1.id)
|> Graph.add_edge(lincoln_h2.id,lincoln.id) # |> Graph.add_edge(lincoln.id,lincoln_h2.id)
|> Graph.add_edge(lincoln_h3.id,lincoln.id) # |> Graph.add_edge(lincoln.id,lincoln_h3.id)


## Segment 3 - Second Diagonal, LHS - Up from UCSB to XEROX

# Site: UCSB

ucsb = %{ id: :ucsb, gateway: "IMP", site: "UCSB" }

ucsb_h1 = %{ id: :ucsb_h1, computer: "360/75" }

arpanet = arpanet
|> Graph.add_vertex(ucsb.id, ucsb.site)
|> Graph.add_vertex(ucsb_h1.id, ucsb_h1.computer)
|> Graph.add_edge(ucsb_h1.id,ucsb.id) # |> Graph.add_edge(ucsb.id,ucsb_h1.id)


# Site: CARNEGIE

carnegie = %{ id: :carnegie, gateway: "IMP", site: "CARNEGIE" }

carnegie_h1 = %{ id: :carnegie_h1, computer: "PDP-10" }

arpanet = arpanet
|> Graph.add_vertex(carnegie.id, carnegie.site)
|> Graph.add_vertex(carnegie_h1.id, carnegie_h1.computer)
|> Graph.add_edge(carnegie_h1.id,carnegie.id) # |> Graph.add_edge(carnegie.id,carnegie_h1.id)


# Wiring

arpanet = arpanet
|> Graph.add_edge(ucla.id,ucsb.id) # |> Graph.add_edge(ucsb.id,ucla.id)
|> Graph.add_edge(ucsb.id,sri.id) # |> Graph.add_edge(sri.id,ucsb.id)
|> Graph.add_edge(ucla.id,sri.id) # |> Graph.add_edge(sri.id,ucla.id)
|> Graph.add_edge(sri.id,utah.id) # |> Graph.add_edge(utah.id,sri.id)
|> Graph.add_edge(utah.id,mit.id) # |> Graph.add_edge(mit.id,utah.id)
|> Graph.add_edge(mit.id,lincoln.id) # |> Graph.add_edge(lincoln.id,mit.id)
|> Graph.add_edge(lincoln.id,case.id) # |> Graph.add_edge(case.id,lincoln.id)
|> Graph.add_edge(case.id,carnegie.id) # |> Graph.add_edge(carnegie.id,case.id)
|> Graph.add_edge(carnegie.id,harvard.id) # |> Graph.add_edge(harvard.id,carnegie.id)
|> Graph.add_edge(harvard.id,bbn.id) # |> Graph.add_edge(bbn.id,harvard.id)
|> Graph.add_edge(bbn.id,mit.id) # |> Graph.add_edge(mit.id,bbn.id)
|> Graph.add_edge(bbn.id,rand.id) # |> Graph.add_edge(rand.id,bbn.id)
|> Graph.add_edge(rand.id,sdc.id) # |> Graph.add_edge(sdc.id,rand.id)
|> Graph.add_edge(sdc.id,utah.id) # |> Graph.add_edge(utah.id,sdc.id)
|> Graph.add_edge(rand.id,stanford.id) # |> Graph.add_edge(stanford.id,rand.id)
|> Graph.add_edge(stanford.id,sri.id) # |> Graph.add_edge(sri.id,stanford.id)
|> Graph.add_edge(rand.id,ucla.id) # |> Graph.add_edge(ucla.id,rand.id)


arpanet
